[landing.engotheme.com/html/plant/demo/home-v5.html]
[backblue.gif]
[fade.gif]
[index.html]
[landing.engotheme.com/html/plant/demo/images/favicon.png]
[landing.engotheme.com/html/plant/demo/images/logo.png]
[landing.engotheme.com/html/plant/demo/shop-v1.html]
[landing.engotheme.com/html/plant/demo/images/banner/banner_menu.jpg]
[landing.engotheme.com/html/plant/demo/aboutus.html]
[landing.engotheme.com/html/plant/demo/blog-v1.html]
[landing.engotheme.com/html/plant/demo/images/banner/banner_menu_01.jpg]
[landing.engotheme.com/html/plant/demo/contactus.html]
[landing.engotheme.com/html/plant/demo/images/product/img-pro1.jpg]
[landing.engotheme.com/html/plant/demo/images/product/img-pro2.jpg]
[landing.engotheme.com/html/plant/demo/images/slide/slider_h5_01.jpg]
[landing.engotheme.com/html/plant/demo/images/slide/slider_h5_02.jpg]
[landing.engotheme.com/html/plant/demo/images/slide/slider_h5_03.jpg]
[landing.engotheme.com/html/plant/demo/images/banner/1.png]
[landing.engotheme.com/html/plant/demo/images/banner/11.jpg]
[landing.engotheme.com/html/plant/demo/images/banner/10.jpg]
[landing.engotheme.com/html/plant/demo/images/product/pro_10.jpg]
[landing.engotheme.com/html/plant/demo/images/product/pro_07.jpg]
[landing.engotheme.com/html/plant/demo/images/product/pro_09.jpg]
[landing.engotheme.com/html/plant/demo/images/product/pro_08.jpg]
[landing.engotheme.com/html/plant/demo/images/product/pro_06.jpg]
[landing.engotheme.com/html/plant/demo/images/product/pro_05.jpg]
[landing.engotheme.com/html/plant/demo/images/product/pro_04.jpg]
[landing.engotheme.com/html/plant/demo/images/product/pro_03.jpg]
[landing.engotheme.com/html/plant/demo/images/product/pro_02.jpg]
[landing.engotheme.com/html/plant/demo/images/product/pro_01.jpg]
[landing.engotheme.com/html/plant/demo/images/banner/5.jpg]
[landing.engotheme.com/html/plant/demo/images/banner/6.jpg]
[landing.engotheme.com/html/plant/demo/images/banner/7.jpg]
[landing.engotheme.com/html/plant/demo/images/banner/8.jpg]
[landing.engotheme.com/html/plant/demo/images/banner/9.jpg]
[landing.engotheme.com/html/plant/demo/images/icon/6.png]
[landing.engotheme.com/html/plant/demo/js/jquery-1.12.4.min.js]
[landing.engotheme.com/html/plant/demo/js/owl.carousel.min.js]
[landing.engotheme.com/html/plant/demo/js/bootstrap.min.js]
[landing.engotheme.com/html/plant/demo/js/vit-gallery.js]
[landing.engotheme.com/html/plant/demo/js/jquery.countTo.js]
[landing.engotheme.com/html/plant/demo/js/jquery.appear.min.js]
[landing.engotheme.com/html/plant/demo/js/isotope.pkgd.min.js]
[landing.engotheme.com/html/plant/demo/js/bootstrap-select.js]
[landing.engotheme.com/html/plant/demo/js/slick.min.js]
[landing.engotheme.com/html/plant/demo/js/jquery.littlelightbox.js]
[landing.engotheme.com/html/plant/demo/js/function.js]
[landing.engotheme.com/html/plant/demo/home-v5.html]
[landing.engotheme.com/html/plant/demo/fonts/fontawesome-webfont3e6e.eot]
[landing.engotheme.com/html/plant/demo/fonts/fontawesome-webfontd41d.eot]
[landing.engotheme.com/html/plant/demo/fonts/fontawesome-webfont3e6e.woff2]
[landing.engotheme.com/html/plant/demo/fonts/fontawesome-webfont3e6e.woff]
[landing.engotheme.com/html/plant/demo/fonts/fontawesome-webfont3e6e.ttf]
[landing.engotheme.com/html/plant/demo/css/font-awesome.min.css]
[landing.engotheme.com/html/plant/demo/fonts/ionicons28b5.eot]
[landing.engotheme.com/html/plant/demo/fonts/ionicons28b5.ttf]
[landing.engotheme.com/html/plant/demo/fonts/ionicons28b5.woff]
[landing.engotheme.com/html/plant/demo/css/ionicons.min.css]
[landing.engotheme.com/html/plant/demo/fonts/Pe-icon-7-strokebb1d.eot]
[landing.engotheme.com/html/plant/demo/fonts/Pe-icon-7-stroked41d.eot]
[landing.engotheme.com/html/plant/demo/fonts/Pe-icon-7-strokebb1d.woff]
[landing.engotheme.com/html/plant/demo/fonts/Pe-icon-7-strokebb1d.ttf]
[landing.engotheme.com/html/plant/demo/css/Pe-icon-7-stroke.min.css]
[landing.engotheme.com/html/plant/demo/css/ajax-loader.gif]
[landing.engotheme.com/html/plant/demo/css/fonts/slick.eot]
[landing.engotheme.com/html/plant/demo/css/fonts/slickd41d.eot]
[landing.engotheme.com/html/plant/demo/css/fonts/slick.woff]
[landing.engotheme.com/html/plant/demo/css/fonts/slick.ttf]
[landing.engotheme.com/html/plant/demo/css/fonts/slick.svg]
[landing.engotheme.com/html/plant/demo/css/slick-theme.css]
[landing.engotheme.com/html/plant/demo/css/slick.css]
[landing.engotheme.com/html/plant/demo/css/animation.css]
[landing.engotheme.com/html/plant/demo/css/owl.video.play.png]
[landing.engotheme.com/html/plant/demo/css/owl.carousel.min.css]
[landing.engotheme.com/html/plant/demo/css/bootstrap-select.min.css]
[landing.engotheme.com/html/plant/demo/fonts/bootstrap/glyphicons-halflings-regular.eot]
[landing.engotheme.com/html/plant/demo/fonts/bootstrap/glyphicons-halflings-regulard41d.eot]
[landing.engotheme.com/html/plant/demo/fonts/bootstrap/glyphicons-halflings-regular.woff2]
[landing.engotheme.com/html/plant/demo/fonts/bootstrap/glyphicons-halflings-regular.woff]
[landing.engotheme.com/html/plant/demo/fonts/bootstrap/glyphicons-halflings-regular.ttf]
[landing.engotheme.com/html/plant/demo/fonts/bootstrap/glyphicons-halflings-regular.svg]
[landing.engotheme.com/html/plant/demo/images/slide/16.jpg]
[landing.engotheme.com/html/plant/demo/images/banner/22.jpg]
[landing.engotheme.com/html/plant/demo/images/banner/23.jpg]
[landing.engotheme.com/html/plant/demo/images/slide/15.jpg]
[landing.engotheme.com/html/plant/demo/images/icon/5.png]
[landing.engotheme.com/html/plant/demo/images/icon/5-1.png]
[landing.engotheme.com/html/plant/demo/images/icon/even-l-icon.png]
[landing.engotheme.com/html/plant/demo/images/icon/even-r-icon.png]
[landing.engotheme.com/html/plant/demo/images/icon/icon.png]
[landing.engotheme.com/html/plant/demo/images/icon/icon1.png]
[landing.engotheme.com/html/plant/demo/images/bg/bg_testimonial.jpg]
[landing.engotheme.com/html/plant/demo/images/icon/icon_addtocart.png]
[landing.engotheme.com/html/plant/demo/images/icon/icon_wishlist.png]
[landing.engotheme.com/html/plant/demo/images/icon/icon_quickview.png]
[landing.engotheme.com/html/plant/demo/images/icon/icon_cart_shopping.png]
[landing.engotheme.com/html/plant/demo/images/icon/icon-phone-h6.png]
[landing.engotheme.com/html/plant/demo/images/icon/icon-menubar-h2.png]
[landing.engotheme.com/html/plant/demo/images/banner/img-banner-head01.jpg]
[landing.engotheme.com/html/plant/demo/images/banner/img-banner-head02.jpg]
[landing.engotheme.com/html/plant/demo/images/banner/img-banner-head03.jpg]
[landing.engotheme.com/html/plant/demo/images/banner/img-banner-head04.jpg]
[landing.engotheme.com/html/plant/demo/images/icon/icon-arrow-right.png]
[landing.engotheme.com/html/plant/demo/images/bg/bg_home8.jpg]
[landing.engotheme.com/html/plant/demo/images/404/1.jpg]
[landing.engotheme.com/html/plant/demo/images/icon/dispaly_grid.png]
[landing.engotheme.com/html/plant/demo/images/icon/dispaly_list.png]
[landing.engotheme.com/html/plant/demo/css/styles.css]
[landing.engotheme.com/html/plant/demo/images/product/1.jpg]
[landing.engotheme.com/html/plant/demo/images/product/2.jpg]
[landing.engotheme.com/html/plant/demo/images/product/3.jpg]
[landing.engotheme.com/html/plant/demo/images/product/4.jpg]
[landing.engotheme.com/html/plant/demo/images/product/pro_11.jpg]
[landing.engotheme.com/html/plant/demo/shop-v1.html]
[landing.engotheme.com/html/plant/demo/images/brand/brand01.jpg]
[landing.engotheme.com/html/plant/demo/images/brand/brand02.jpg]
[landing.engotheme.com/html/plant/demo/images/brand/brand03.jpg]
[landing.engotheme.com/html/plant/demo/images/brand/brand04.jpg]
[landing.engotheme.com/html/plant/demo/images/brand/brand05.jpg]
[landing.engotheme.com/html/plant/demo/aboutus.html]
[landing.engotheme.com/html/plant/demo/img/blog.png]
[landing.engotheme.com/html/plant/demo/images/blog/1.jpg]
[landing.engotheme.com/html/plant/demo/img/blog2.png]
[landing.engotheme.com/html/plant/demo/images/blog/2.jpg]
[landing.engotheme.com/html/plant/demo/img/blog3.png]
[landing.engotheme.com/html/plant/demo/images/blog/3.jpg]
[landing.engotheme.com/html/plant/demo/img/blog4.7b.delayed]
[landing.engotheme.com/html/plant/demo/images/blog/6.jpg]
[landing.engotheme.com/html/plant/demo/images/blog/4.jpg]
[landing.engotheme.com/html/plant/demo/images/Gallery/Gallery-3-3.jpg]
[landing.engotheme.com/html/plant/demo/images/blog/5.jpg]
[landing.engotheme.com/html/plant/demo/images/Gallery/Gallery-2-2.jpg]
[landing.engotheme.com/html/plant/demo/images/blog/8.jpg]
[landing.engotheme.com/html/plant/demo/images/blog/7.jpg]
[landing.engotheme.com/html/plant/demo/images/blog/9.jpg]
[landing.engotheme.com/html/plant/demo/blog-v1.html]
[landing.engotheme.com/html/plant/demo/images/contact/1.jpg]
[landing.engotheme.com/html/plant/demo/images/icon/7.png]
[landing.engotheme.com/html/plant/demo/images/icon/8.png]
[landing.engotheme.com/html/plant/demo/images/icon/9.png]
[landing.engotheme.com/html/plant/demo/contactus.html]
[landing.engotheme.com/html/plant/demo/fonts/fontawesome-webfont3e6e.svg]
[landing.engotheme.com/html/plant/demo/fonts/ionicons28b5.svg]
[landing.engotheme.com/html/plant/demo/fonts/Pe-icon-7-strokebb1d.svg]
[landing.engotheme.com/html/plant/demo/css/ajax-loader.html]
[landing.engotheme.com/html/plant/demo/css/fonts/slick.html]
[landing.engotheme.com/html/plant/demo/css/fonts/slickd41d.html]
[landing.engotheme.com/html/plant/demo/css/fonts/slick-2.html]
[landing.engotheme.com/html/plant/demo/css/fonts/slick-3.html]
[landing.engotheme.com/html/plant/demo/css/fonts/slick-4.html]
[landing.engotheme.com/html/plant/demo/css/owl.video.play.html]
[landing.engotheme.com/html/plant/demo/fonts/bootstrap/glyphicons-halflings-regular.html]
[landing.engotheme.com/html/plant/demo/fonts/bootstrap/glyphicons-halflings-regulard41d.html]
[landing.engotheme.com/html/plant/demo/fonts/bootstrap/glyphicons-halflings-regular-2.html]
[landing.engotheme.com/html/plant/demo/fonts/bootstrap/glyphicons-halflings-regular-3.html]
[landing.engotheme.com/html/plant/demo/fonts/bootstrap/glyphicons-halflings-regular-4.html]
[landing.engotheme.com/html/plant/demo/fonts/bootstrap/glyphicons-halflings-regular-5.html]
[landing.engotheme.com/html/plant/demo/images/product/1.html]
[landing.engotheme.com/html/plant/demo/images/product/2.html]
[landing.engotheme.com/html/plant/demo/images/product/3.html]
[landing.engotheme.com/html/plant/demo/images/product/4.html]
[landing.engotheme.com/html/plant/demo/img/blog.html]
[landing.engotheme.com/html/plant/demo/img/blog2.html]
[landing.engotheme.com/html/plant/demo/img/blog3.html]
[landing.engotheme.com/html/plant/demo/img/blog4.html]
[landing.engotheme.com/html/plant/demo/images/Gallery/Gallery-3-3.html]
[landing.engotheme.com/html/plant/demo/images/Gallery/Gallery-2-2.html]
